2026-08-23T04:39:50.816Z UNCAUGHT: Error [ERR_HTTP_HEADERS_SENT]: Cannot write headers after they are sent to the client
    at ServerResponse.writeHead (node:_http_server:365:11)
    at send (H:\DuaVideoGenerator\remotion\dashboard\server.js:701:7)
    at IncomingMessage.<anonymous> (H:\DuaVideoGenerator\remotion\dashboard\server.js:2067:9)
    at IncomingMessage.emit (node:events:521:24)
    at endReadableNT (node:internal/streams/readable:1735:12)
    at process.processTicksAndRejections (node:internal/process/task_queues:90:21)
2026-08-23T04:59:27.774Z UNCAUGHT: Error [ERR_HTTP_HEADERS_SENT]: Cannot write headers after they are sent to the client
    at ServerResponse.writeHead (node:_http_server:365:11)
    at send (H:\DuaVideoGenerator\remotion\dashboard\server.js:720:7)
    at IncomingMessage.<anonymous> (H:\DuaVideoGenerator\remotion\dashboard\server.js:2101:9)
    at IncomingMessage.emit (node:events:521:24)
    at endReadableNT (node:internal/streams/readable:1735:12)
    at process.processTicksAndRejections (node:internal/process/task_queues:90:21)
2026-08-24T04:55:54.420Z UNCAUGHT: SyntaxError: Unexpected token '﻿', "﻿[
  {
   "... is not valid JSON
    at JSON.parse (<anonymous>)
    at Server.<anonymous> (H:\DuaVideoGenerator\remotion\dashboard\server.js:2636:22)
    at Server.emit (node:events:509:28)
    at parserOnIncoming (node:_http_server:1226:12)
    at HTTPParser.parserOnHeadersComplete (node:_http_common:125:17)
2026-09-01T10:31:39.212Z REJECTION: ReferenceError: send is not defined
    at H:\DuaVideoGenerator\remotion\dashboard\routes\utils.js:52:7
    at process.processTicksAndRejections (node:internal/process/task_queues:104:5)
